Testing script output
CONTAINER ID  IMAGE                                       COMMAND               CREATED         STATUS                    PORTS                                                                                                                 NAMES
4fb981f8ce21                                                                    2 months ago    Exited (0) 2 months ago                                                                                                                         b207dea111e3-infra
1ecacc255805  localhost/aico_migrator:latest              npm run migrate       8 weeks ago     Exited (1) 8 weeks ago                                                                                                                          aico_migrator_1
14eb480d496d  docker.io/jaegertracing/all-in-one:latest   --collector.otlp....  8 weeks ago     Exited (0) 8 weeks ago    0.0.0.0:4318->4318/tcp, 0.0.0.0:14269->14269/tcp, 0.0.0.0:16686->16686/tcp, 4317/tcp, 9411/tcp, 14250/tcp, 14268/tcp  aico_jaeger
055bcd7e93ba  localhost/aico_migrator:latest              npm run migrate       8 weeks ago     Exited (1) 8 weeks ago                                                                                                                          aico_migrator_tmp33548
a498afbf0f41  docker.io/qdrant/qdrant:latest              ./entrypoint.sh       7 weeks ago     Exited (130) 7 weeks ago  0.0.0.0:6333-6334->6333-6334/tcp                                                                                      elastic_thompson
c7443081725a  docker.io/library/postgres:17               postgres              6 weeks ago     Exited (0) 292 years ago  0.0.0.0:5433->5432/tcp                                                                                                mcpjungle-db
178ecdf9a82d  docker.io/mcpjungle/mcpjungle:latest-stdio  start                 6 weeks ago     Exited (0) 292 years ago  0.0.0.0:8080->8080/tcp                                                                                                mcpjungle-server
e72a952f792e  ghcr.io/tbxark/mcp-proxy:latest             --config /config/...  6 weeks ago     Exited (0) 292 years ago  0.0.0.0:9090->9090/tcp                                                                                                mcp-proxy-master
1fdebda053c8  localhost/domoreco_arbitrage-engine:latest  npm run dev           6 weeks ago     Exited (243) 6 weeks ago  0.0.0.0:3000->3000/tcp                                                                                                domoreco_arbitrage-engine_1
1d58bd22296d  ghcr.io/tbxark/mcp-proxy:latest             --config /config/...  6 weeks ago     Exited (0) 292 years ago  0.0.0.0:9090->9090/tcp                                                                                                mcp-proxy-master-app-1
1d2757197c5e  docker.io/library/postgres:13               postgres -c passw...  5 weeks ago     Exited (0) 4 weeks ago    0.0.0.0:5432->5432/tcp                                                                                                mono-db-1
85744d6b3728  docker.io/library/postgres:15-alpine        postgres              12 days ago     Up About a minute         0.0.0.0:5432->5432/tcp                                                                                                mono-postgres-1
06c15c571c88  docker.io/library/redis:7-alpine            redis-server          12 days ago     Up About a minute         0.0.0.0:6379->6379/tcp                                                                                                mono-redis-1
50f60ed6426d  docker.io/library/postgres:15               postgres              10 days ago     Created                   5432/tcp                                                                                                              guy_penpot-postgres_1
8d06fd4f3ef9  docker.io/library/postgres:15               postgres              10 days ago     Exited (0) 8 days ago     5432/tcp                                                                                                              penpot_penpot-postgres_1
67a5da2378dd  docker.io/sj26/mailcatcher:latest           --ip 0.0.0.0          10 days ago     Exited (0) 8 days ago     0.0.0.0:1080->1080/tcp, 1025/tcp                                                                                      penpot_penpot-mailcatch_1
128685b9b647  docker.io/library/postgres:15-alpine        postgres              25 seconds ago  Created                   0.0.0.0:5432->5432/tcp                                                                                                mono_postgres_1
75c5ff57023c  docker.io/library/redis:7-alpine            redis-server          25 seconds ago  Created                   0.0.0.0:6379->6379/tcp                                                                                                mono_redis_1
podman version 5.7.1
podman-compose version 1.5.0
